../Drivers/CMSIS/Include/core_cm4.h:2064:26:ITM_SendChar	16	static,ignoring_inline_asm
../Core/Src/main.c:75:5:main	16	static
../Core/Src/main.c:137:6:SystemClock_Config	88	static
../Core/Src/main.c:182:6:PeriphCommonClock_Config	32	static
../Core/Src/main.c:203:13:MX_I2C1_Init	8	static
../Core/Src/main.c:237:13:MX_I2S2_Init	8	static
../Core/Src/main.c:271:13:MX_I2S3_Init	8	static
../Core/Src/main.c:305:13:MX_SPI1_Init	8	static
../Core/Src/main.c:343:13:MX_GPIO_Init	56	static
../Core/Src/main.c:433:5:_write	32	static
../Core/Src/main.c:441:5:test_assembly	24	static,ignoring_inline_asm
../Core/Src/main.c:456:6:Error_Handler	4	static,ignoring_inline_asm
